main.c:81:1:__io_putchar	16	static
main.c:103:5:main	80	static
main.c:190:6:SystemClock_Config	72	static
main.c:225:13:MX_I2C1_Init	8	static
main.c:259:13:MX_TIM1_Init	32	static
main.c:305:13:MX_USART1_UART_Init	8	static
main.c:338:13:MX_USART2_UART_Init	8	static
main.c:369:13:MX_DMA_Init	16	static
main.c:387:13:MX_GPIO_Init	40	static
main.c:421:6:StartDefaultTask	16	static
main.c:446:6:StartTask02	16	static
main.c:466:6:StartTask03	16	static
main.c:490:6:HAL_TIM_PeriodElapsedCallback	16	static
main.c:507:6:Error_Handler	4	static
