nokia5110.c:7:6:LCD_setRST	16	static
nokia5110.c:12:6:LCD_setCE	16	static
nokia5110.c:17:6:LCD_setDC	16	static
nokia5110.c:21:6:LCD_setDIN	16	static
nokia5110.c:26:6:LCD_setCLK	16	static
nokia5110.c:31:6:LCD_send	24	static
nokia5110.c:40:6:LCD_write	16	static
nokia5110.c:55:6:LCD_init	8	static
nokia5110.c:66:6:LCD_invert	16	static
nokia5110.c:75:6:LCD_putChar	24	static
nokia5110.c:89:6:LCD_print	16	static
nokia5110.c:99:6:LCD_clrScr	16	static
nokia5110.c:111:6:LCD_goXY	16	static
nokia5110.c:119:6:LCD_refreshScr	16	static
nokia5110.c:135:6:LCD_refreshArea	32	static
nokia5110.c:152:6:LCD_setPixel	16	static
nokia5110.c:172:6:LCD_drawHLine	40	static
nokia5110.c:190:6:LCD_drawVLine	32	static
nokia5110.c:204:5:abs	16	static
nokia5110.c:218:6:LCD_drawLine	80	static
nokia5110.c:297:6:LCD_drawRectangle	24	static
