19:15:37 **** Incremental Build of configuration Debug for project blinkL ****
make -j8 all 
arm-none-eabi-gcc "../Src/main.c" -mcpu=cortex-m3 -std=gnu11 -g3 -DUSE_HAL_DRIVER -DSTM32F103xB -DDEBUG -c -I../Inc -I../Drivers/CMSIS/Device/ST/STM32F1xx/Include -I../Drivers/CMSIS/Include -I../Drivers/STM32F1xx_HAL_Driver/Inc/Legacy -I../Drivers/STM32F1xx_HAL_Driver/Inc -O0 -ffunction-sections -fdata-sections -Wall -fstack-usage -MMD -MP -MF"Src/main.d" -MT"Src/main.o" --specs=nano.specs -mfloat-abi=soft -mthumb -o "Src/main.o"
arm-none-eabi-g++ -o "blinkL.elf" @"objects.list"   -mcpu=cortex-m3 -T"D:\STMworkspace\blinkL\STM32F103C8TX_FLASH.ld" --specs=nosys.specs -Wl,-Map="blinkL.map" -Wl,--gc-sections -static --specs=nano.specs -mfloat-abi=soft -mthumb -Wl,--start-group -lc -lm -lstdc++ -lsupc++ -Wl,--end-group
Finished building target: blinkL.elf
 
arm-none-eabi-objdump -h -S  blinkL.elf  > "blinkL.list"
arm-none-eabi-size   blinkL.elf 
   text	   data	    bss	    dec	    hex	filename
   4640	     20	   1572	   6232	   1858	blinkL.elf
Finished building: default.size.stdout
 
Finished building: blinkL.list
 

19:15:38 Build Finished. 0 errors, 0 warnings. (took 1s.535ms)

