00:40:39 **** Incremental Build of configuration Debug for project uart ****
make -j8 all 
arm-none-eabi-gcc "../Src/main.c" -mcpu=cortex-m3 -std=gnu11 -g3 -DUSE_HAL_DRIVER -DSTM32F103xB -DDEBUG -c -I../Inc -I../Drivers/CMSIS/Device/ST/STM32F1xx/Include -I../Drivers/CMSIS/Include -I../Drivers/STM32F1xx_HAL_Driver/Inc/Legacy -I../Drivers/STM32F1xx_HAL_Driver/Inc -O0 -ffunction-sections -fdata-sections -Wall -u _printf_float -fstack-usage -MMD -MP -MF"Src/main.d" -MT"Src/main.o" --specs=nano.specs -mfloat-abi=soft -mthumb -o "Src/main.o"
arm-none-eabi-g++ -o "uart.elf" @"objects.list"   -mcpu=cortex-m3 -T"D:\STMworkspace\uart\STM32F103C8TX_FLASH.ld" --specs=nosys.specs -Wl,-Map="uart.map" -Wl,--gc-sections -static -u _printf_float --specs=nano.specs -mfloat-abi=soft -mthumb -Wl,--start-group -lc -lm -lstdc++ -lsupc++ -Wl,--end-group
Finished building target: uart.elf
 
arm-none-eabi-objdump -h -S  uart.elf  > "uart.list"
arm-none-eabi-size   uart.elf 
   text	   data	    bss	    dec	    hex	filename
  16476	    484	   1916	  18876	   49bc	uart.elf
Finished building: default.size.stdout
 
Finished building: uart.list
 

00:40:40 Build Finished. 0 errors, 0 warnings. (took 1s.704ms)

